Using pre-set license
Built from '2022.3/china_unity/release' branch; Version is '2022.3.6f1c1 (98938d5f2963) revision 9999245'; Using compiler version '192829333'; Build Type 'Release'
OS: 'Windows 11  (10.0.26100) 64bit CoreCountrySpecific' Language: 'zh' Physical Memory: 16064 MB
BatchMode: 1, IsHumanControllingUs: 0, StartBugReporterOnCrash: 0, Is64bit: 1, IsPro: 1

COMMAND LINE ARGUMENTS:
D:\ruanjian\Unity 2022.3.6f1c1\Editor\Unity.exe
-adb2
-batchMode
-noUpm
-name
AssetImportWorker0
-projectPath
D:/UGit/--sanweidonghua/--sanweidonghua/--sanweidonghua/alpha
-logFile
Logs/AssetImportWorker0.log
-srvPort
9078
Successfully changed project path to: D:/UGit/--sanweidonghua/--sanweidonghua/--sanweidonghua/alpha
D:/UGit/--sanweidonghua/--sanweidonghua/--sanweidonghua/alpha
[UnityMemory] Configuration Parameters - Can be set up in boot.config
    "memorysetup-bucket-allocator-granularity=16"
    "memorysetup-bucket-allocator-bucket-count=8"
    "memorysetup-bucket-allocator-block-size=33554432"
    "memorysetup-bucket-allocator-block-count=8"
    "memorysetup-main-allocator-block-size=16777216"
    "memorysetup-thread-allocator-block-size=16777216"
    "memorysetup-gfx-main-allocator-block-size=16777216"
    "memorysetup-gfx-thread-allocator-block-size=16777216"
    "memorysetup-cache-allocator-block-size=4194304"
    "memorysetup-typetree-allocator-block-size=2097152"
    "memorysetup-profiler-bucket-allocator-granularity=16"
    "memorysetup-profiler-bucket-allocator-bucket-count=8"
    "memorysetup-profiler-bucket-allocator-block-size=33554432"
    "memorysetup-profiler-bucket-allocator-block-count=8"
    "memorysetup-profiler-allocator-block-size=16777216"
    "memorysetup-profiler-editor-allocator-block-size=1048576"
    "memorysetup-temp-allocator-size-main=16777216"
    "memorysetup-job-temp-allocator-block-size=2097152"
    "memorysetup-job-temp-allocator-block-size-background=1048576"
    "memorysetup-job-temp-allocator-reduction-small-platforms=262144"
    "memorysetup-allocator-temp-initial-block-size-main=262144"
    "memorysetup-allocator-temp-initial-block-size-worker=262144"
    "memorysetup-temp-allocator-size-background-worker=32768"
    "memorysetup-temp-allocator-size-job-worker=262144"
    "memorysetup-temp-allocator-size-preload-manager=33554432"
    "memorysetup-temp-allocator-size-nav-mesh-worker=65536"
    "memorysetup-temp-allocator-size-audio-worker=65536"
    "memorysetup-temp-allocator-size-cloud-worker=32768"
    "memorysetup-temp-allocator-size-gi-baking-worker=262144"
    "memorysetup-temp-allocator-size-gfx=262144"
Player connection [40948] Host "[IP] 192.168.2.9 [Port] 0 [Flags] 2 [Guid] 399424376 [EditorId] 399424376 [Version] 1048832 [Id] WindowsEditor(7,LOVEIU) [Debug] 1 [PackageName] WindowsEditor [ProjectName] Editor" joined multi-casting on [225.0.0.222:54997]...

Player connection [40948] Host "[IP] 192.168.2.9 [Port] 0 [Flags] 2 [Guid] 399424376 [EditorId] 399424376 [Version] 1048832 [Id] WindowsEditor(7,LOVEIU) [Debug] 1 [PackageName] WindowsEditor [ProjectName] Editor" joined alternative multi-casting on [225.0.0.222:34997]...

Refreshing native plugins compatible for Editor in 112.46 ms, found 3 plugins.
Preloading 0 native plugins for Editor in 0.00 ms.
Initialize engine version: 2022.3.6f1c1 (98938d5f2963)
[Subsystems] Discovering subsystems at path D:/ruanjian/Unity 2022.3.6f1c1/Editor/Data/Resources/UnitySubsystems
[Subsystems] Discovering subsystems at path D:/UGit/--sanweidonghua/--sanweidonghua/--sanweidonghua/alpha/Assets
GfxDevice: creating device client; threaded=0; jobified=0
Direct3D:
    Version:  Direct3D 11.0 [level 11.1]
    Renderer: NVIDIA GeForce RTX 4060 Laptop GPU (ID=0x28e0)
    Vendor:   NVIDIA
    VRAM:     7957 MB
    Driver:   32.0.15.7283
Initialize mono
Mono path[0] = 'D:/ruanjian/Unity 2022.3.6f1c1/Editor/Data/Managed'
Mono path[1] = 'D:/ruanjian/Unity 2022.3.6f1c1/Editor/Data/MonoBleedingEdge/lib/mono/unityjit-win32'
Mono config path = 'D:/ruanjian/Unity 2022.3.6f1c1/Editor/Data/MonoBleedingEdge/etc'
Using monoOptions --debugger-agent=transport=dt_socket,embedding=1,server=y,suspend=n,address=127.0.0.1:56660
Begin MonoManager ReloadAssembly
Registering precompiled unity dll's ...
Register platform support module: D:/ruanjian/Unity 2022.3.6f1c1/Editor/Data/PlaybackEngines/WindowsStandaloneSupport/UnityEditor.WindowsStandalone.Extensions.dll
Registered in 0.069906 seconds.
- Loaded All Assemblies, in  1.047 seconds
Native extension for WindowsStandalone target not found
Mono: successfully reloaded assembly
- Finished resetting the current domain, in  0.388 seconds
Domain Reload Profiling: 1388ms
	BeginReloadAssembly (352ms)
		ExecutionOrderSort (0ms)
		DisableScriptedObjects (0ms)
		BackupInstance (0ms)
		ReleaseScriptingObjects (0ms)
		CreateAndSetChildDomain (1ms)
	RebuildCommonClasses (60ms)
	RebuildNativeTypeToScriptingClass (15ms)
	initialDomainReloadingComplete (280ms)
	LoadAllAssembliesAndSetupDomain (293ms)
		LoadAssemblies (310ms)
		RebuildTransferFunctionScriptingTraits (0ms)
		AnalyzeDomain (198ms)
			TypeCache.Refresh (197ms)
				TypeCache.ScanAssembly (176ms)
			ScanForSourceGeneratedMonoScriptInfo (0ms)
			ResolveRequiredComponents (1ms)
	FinalizeReload (388ms)
		ReleaseScriptCaches (0ms)
		RebuildScriptCaches (0ms)
		SetupLoadedEditorAssemblies (308ms)
			LogAssemblyErrors (0ms)
			InitializePlatformSupportModulesInManaged (28ms)
			SetLoadedEditorAssemblies (11ms)
			RefreshPlugins (0ms)
			BeforeProcessingInitializeOnLoad (3ms)
			ProcessInitializeOnLoadAttributes (187ms)
			ProcessInitializeOnLoadMethodAttributes (79ms)
			AfterProcessingInitializeOnLoad (0ms)
			EditorAssembliesLoaded (0ms)
		ExecutionOrderSort2 (0ms)
		AwakeInstancesAfterBackupRestoration (0ms)
========================================================================
Worker process is ready to serve import requests
Begin MonoManager ReloadAssembly
Symbol file LoadedFromMemory doesn't match image D:\UGit\--sanweidonghua\--sanweidonghua\--sanweidonghua\alpha\Library\PackageCache\com.unity.visualscripting@1.8.0\Editor\VisualScripting.Core\Dependencies\YamlDotNet\Unity.VisualScripting.YamlDotNet.dll
Symbol file LoadedFromMemory doesn't match image D:\UGit\--sanweidonghua\--sanweidonghua\--sanweidonghua\alpha\Library\PackageCache\com.unity.visualscripting@1.8.0\Editor\VisualScripting.Core\Dependencies\DotNetZip\Unity.VisualScripting.IonicZip.dll
- Loaded All Assemblies, in  2.231 seconds
Refreshing native plugins compatible for Editor in 46.07 ms, found 3 plugins.
Native extension for WindowsStandalone target not found
Mono: successfully reloaded assembly
- Finished resetting the current domain, in  1.156 seconds
Domain Reload Profiling: 3309ms
	BeginReloadAssembly (433ms)
		ExecutionOrderSort (0ms)
		DisableScriptedObjects (10ms)
		BackupInstance (0ms)
		ReleaseScriptingObjects (0ms)
		CreateAndSetChildDomain (28ms)
	RebuildCommonClasses (57ms)
	RebuildNativeTypeToScriptingClass (15ms)
	initialDomainReloadingComplete (209ms)
	LoadAllAssembliesAndSetupDomain (1439ms)
		LoadAssemblies (1184ms)
		RebuildTransferFunctionScriptingTraits (0ms)
		AnalyzeDomain (411ms)
			TypeCache.Refresh (389ms)
				TypeCache.ScanAssembly (373ms)
			ScanForSourceGeneratedMonoScriptInfo (18ms)
			ResolveRequiredComponents (5ms)
	FinalizeReload (1156ms)
		ReleaseScriptCaches (0ms)
		RebuildScriptCaches (0ms)
		SetupLoadedEditorAssemblies (944ms)
			LogAssemblyErrors (0ms)
			InitializePlatformSupportModulesInManaged (23ms)
			SetLoadedEditorAssemblies (6ms)
			RefreshPlugins (0ms)
			BeforeProcessingInitializeOnLoad (231ms)
			ProcessInitializeOnLoadAttributes (543ms)
			ProcessInitializeOnLoadMethodAttributes (26ms)
			AfterProcessingInitializeOnLoad (115ms)
			EditorAssembliesLoaded (0ms)
		ExecutionOrderSort2 (0ms)
		AwakeInstancesAfterBackupRestoration (27ms)
Launched and connected shader compiler UnityShaderCompiler.exe after 0.12 seconds
Refreshing native plugins compatible for Editor in 52.37 ms, found 3 plugins.
Preloading 0 native plugins for Editor in 0.00 ms.
Unloading 4474 Unused Serialized files (Serialized files now loaded: 0)
Unloading 31 unused Assets / (57.6 KB). Loaded Objects now: 4937.
Memory consumption went from 171.6 MB to 171.5 MB.
Total: 5.066100 ms (FindLiveObjects: 0.428600 ms CreateObjectMapping: 0.158400 ms MarkObjects: 4.327300 ms  DeleteObjects: 0.150500 ms)

AssetImportParameters requested are different than current active one (requested -> active):
  custom:container-demuxer-ogg: 62fdf1f143b41e24485cea50d1cbac27 -> 
  custom:video-codec-MediaFoundation-h265: 746d11721c4dcdbdad8f713fa42b33f4 -> 
  custom:video-decoder-ogg-theora: a1e56fd34408186e4bbccfd4996cb3dc -> 
  custom:framework-win-MediaFoundation: 216162199b28c13a410421893ffa2e32 -> 
  custom:CustomObjectIndexerAttribute: 756ad292c208cfabdd7b50bc23989ffe -> 
  custom:container-demuxer-webm: 4f35f7cbe854078d1ac9338744f61a02 -> 
  custom:container-muxer-webm: aa71ff27fc2769a1b78a27578f13a17b -> 
  custom:video-decoder-webm-vp8: 9c59270c3fd7afecdb556c50c9e8de78 -> 
  custom:SearchIndexIgnoredProperties: e643bd26f0fe6173181afceb89e7c659 -> 
  custom:AudioImporter_EditorPlatform: d09bf68614088b80899f8185d706f6e7 -> 
  custom:video-encoder-webm-vp8: eb34c28f22e8b96e1ab97ce403110664 -> 
  custom:audio-decoder-ogg-vorbis: bf7c407c2cedff20999df2af8eb42d56 -> 
  custom:audio-encoder-webm-vorbis: bf7c407c2cedff20999df2af8eb42d56 -> 
========================================================================
Received Import Request.
  Time since last request: 15589.173409 seconds.
  path: Assets/VFX/class/prefabs
  artifactKey: Guid(143fdd669d0c6e84e9b80d2ef9d084d4) Importer(815301076,1909f56bfc062723c751e8b465ee728b)
Start importing Assets/VFX/class/prefabs using Guid(143fdd669d0c6e84e9b80d2ef9d084d4) Importer(815301076,1909f56bfc062723c751e8b465ee728b)  -> (artifact id: '45bd70823d0e3c5bc1d7dec47661b358') in 0.003821 seconds
Number of updated asset objects reloaded before import = 0
Number of asset objects unloaded after import = 0
========================================================================
Received Import Request.
  Time since last request: 144.796480 seconds.
  path: Assets/Ch24_nonPBR.fbx
  artifactKey: Guid(0cf00f9e194760743821d7d898935986) Importer(815301076,1909f56bfc062723c751e8b465ee728b)
Start importing Assets/Ch24_nonPBR.fbx using Guid(0cf00f9e194760743821d7d898935986) Importer(815301076,1909f56bfc062723c751e8b465ee728b)  -> (artifact id: '6ddf1823b138a05e260090b8dca935da') in 0.510590 seconds
Number of updated asset objects reloaded before import = 0
Number of asset objects unloaded after import = 144
========================================================================
Received Import Request.
  Time since last request: 23.517715 seconds.
  path: Assets/Ch24_nonPBR@Idle.fbx
  artifactKey: Guid(4f3033915fa9b864aa7bbc2a9e7ae583) Importer(815301076,1909f56bfc062723c751e8b465ee728b)
Start importing Assets/Ch24_nonPBR@Idle.fbx using Guid(4f3033915fa9b864aa7bbc2a9e7ae583) Importer(815301076,1909f56bfc062723c751e8b465ee728b)  -> (artifact id: '0428d4f2a2e50bfa70b25d95f9175901') in 0.014309 seconds
Number of updated asset objects reloaded before import = 0
Number of asset objects unloaded after import = 135
========================================================================
Received Import Request.
  Time since last request: 0.040894 seconds.
  path: Assets/Ch24_nonPBR_Running.fbx
  artifactKey: Guid(68a569f3fd308ee4e982e08903f90d82) Importer(815301076,1909f56bfc062723c751e8b465ee728b)
Start importing Assets/Ch24_nonPBR_Running.fbx using Guid(68a569f3fd308ee4e982e08903f90d82) Importer(815301076,1909f56bfc062723c751e8b465ee728b)  -> (artifact id: '770432f87da0ad5735f1ba7b212d7097') in 0.012575 seconds
Number of updated asset objects reloaded before import = 0
Number of asset objects unloaded after import = 135
========================================================================
Received Import Request.
  Time since last request: 1.780443 seconds.
  path: Assets/Walking.fbx
  artifactKey: Guid(7d65fe2a447dd2f479c656af02386a8e) Importer(815301076,1909f56bfc062723c751e8b465ee728b)
Start importing Assets/Walking.fbx using Guid(7d65fe2a447dd2f479c656af02386a8e) Importer(815301076,1909f56bfc062723c751e8b465ee728b)  -> (artifact id: '51f7358f8961f0653e50d0e6c2144b68') in 0.013812 seconds
Number of updated asset objects reloaded before import = 0
Number of asset objects unloaded after import = 135
========================================================================
Received Import Request.
  Time since last request: 5.578459 seconds.
  path: Assets/VFX/class
  artifactKey: Guid(9b3961484fe903a4d8de5a646e13d3dd) Importer(815301076,1909f56bfc062723c751e8b465ee728b)
Start importing Assets/VFX/class using Guid(9b3961484fe903a4d8de5a646e13d3dd) Importer(815301076,1909f56bfc062723c751e8b465ee728b)  -> (artifact id: '09f8c91442149ddf12dcc1cd574dec60') in 0.001498 seconds
Number of updated asset objects reloaded before import = 0
Number of asset objects unloaded after import = 0
========================================================================
Received Import Request.
  Time since last request: 3.273543 seconds.
  path: Assets/VFX/class/Materials
  artifactKey: Guid(f7efc1dfd71935648b06050229829c49) Importer(815301076,1909f56bfc062723c751e8b465ee728b)
Start importing Assets/VFX/class/Materials using Guid(f7efc1dfd71935648b06050229829c49) Importer(815301076,1909f56bfc062723c751e8b465ee728b)  -> (artifact id: '5a27c72afbd5b71db45ce7526d189aca') in 0.001380 seconds
Number of updated asset objects reloaded before import = 0
Number of asset objects unloaded after import = 0
========================================================================
Received Import Request.
  Time since last request: 1.688004 seconds.
  path: Assets/VFX/class/Materials/翼狐_刺客
  artifactKey: Guid(f23a7d17d0416094cae04d1f9480d22c) Importer(815301076,1909f56bfc062723c751e8b465ee728b)
Start importing Assets/VFX/class/Materials/翼狐_刺客 using Guid(f23a7d17d0416094cae04d1f9480d22c) Importer(815301076,1909f56bfc062723c751e8b465ee728b)  -> (artifact id: 'ad712beebf1861adf17b4778c905d119') in 0.001637 seconds
Number of updated asset objects reloaded before import = 0
Number of asset objects unloaded after import = 0
========================================================================
Received Import Request.
  Time since last request: 0.074540 seconds.
  path: Assets/VFX/class/Materials/翼狐_刺客/chongci_27.mat
  artifactKey: Guid(f5687e4f50648684595a8ff56b70b746) Importer(815301076,1909f56bfc062723c751e8b465ee728b)
Start importing Assets/VFX/class/Materials/翼狐_刺客/chongci_27.mat using Guid(f5687e4f50648684595a8ff56b70b746) Importer(815301076,1909f56bfc062723c751e8b465ee728b)  -> (artifact id: 'e0c02b88c856f460679c2e244c4a3523') in 0.077861 seconds
Number of updated asset objects reloaded before import = 0
Number of asset objects unloaded after import = 4
========================================================================
Received Import Request.
  Time since last request: 0.000025 seconds.
  path: Assets/VFX/class/Materials/翼狐_刺客/chongci_29.mat
  artifactKey: Guid(77fc6de6a72ed4d4db4675fd5cb6e49e) Importer(815301076,1909f56bfc062723c751e8b465ee728b)
Start importing Assets/VFX/class/Materials/翼狐_刺客/chongci_29.mat using Guid(77fc6de6a72ed4d4db4675fd5cb6e49e) Importer(815301076,1909f56bfc062723c751e8b465ee728b)  -> (artifact id: '0a21f70da5c3874a0d6f73d7ca4f7709') in 0.035837 seconds
Number of updated asset objects reloaded before import = 0
Number of asset objects unloaded after import = 2
========================================================================
Received Import Request.
  Time since last request: 0.000030 seconds.
  path: Assets/VFX/class/Materials/翼狐_刺客/chongci_30.mat
  artifactKey: Guid(58ead9454de7df340953cacb7c174f39) Importer(815301076,1909f56bfc062723c751e8b465ee728b)
Start importing Assets/VFX/class/Materials/翼狐_刺客/chongci_30.mat using Guid(58ead9454de7df340953cacb7c174f39) Importer(815301076,1909f56bfc062723c751e8b465ee728b)  -> (artifact id: '0e6d2e716a2205f0f65393402c6ffa02') in 0.027942 seconds
Number of updated asset objects reloaded before import = 0
Number of asset objects unloaded after import = 5
========================================================================
Received Import Request.
  Time since last request: 2.755060 seconds.
  path: Assets/VFX/class/prefabs/跳跃.prefab
  artifactKey: Guid(f6285aa70836f384d8437d4430b72895) Importer(815301076,1909f56bfc062723c751e8b465ee728b)
Start importing Assets/VFX/class/prefabs/跳跃.prefab using Guid(f6285aa70836f384d8437d4430b72895) Importer(815301076,1909f56bfc062723c751e8b465ee728b)  -> (artifact id: '9b205e0aa5094ba247b3ceb5efd7068d') in 0.059780 seconds
Number of updated asset objects reloaded before import = 0
Number of asset objects unloaded after import = 12
========================================================================
Received Import Request.
  Time since last request: 1.652265 seconds.
  path: Assets/VFX/class/shader
  artifactKey: Guid(a68b79d1b741fc948afca3909d49b765) Importer(815301076,1909f56bfc062723c751e8b465ee728b)
Start importing Assets/VFX/class/shader using Guid(a68b79d1b741fc948afca3909d49b765) Importer(815301076,1909f56bfc062723c751e8b465ee728b)  -> (artifact id: '51246a72bf1768d0974e0c06cc557cb6') in 0.001439 seconds
Number of updated asset objects reloaded before import = 0
Number of asset objects unloaded after import = 0
========================================================================
Received Import Request.
  Time since last request: 1.562651 seconds.
  path: Assets/VFX/class/texture
  artifactKey: Guid(3f9e18152f0f5da4fa854595d4f32c17) Importer(815301076,1909f56bfc062723c751e8b465ee728b)
Start importing Assets/VFX/class/texture using Guid(3f9e18152f0f5da4fa854595d4f32c17) Importer(815301076,1909f56bfc062723c751e8b465ee728b)  -> (artifact id: '2229300dcb4a2259fdbf6b6f035321d5') in 0.001430 seconds
Number of updated asset objects reloaded before import = 0
Number of asset objects unloaded after import = 0
========================================================================
Received Import Request.
  Time since last request: 30.147821 seconds.
  path: Assets/class
  artifactKey: Guid(58136ad79cf293f4a9a1dc3d44a2f1f9) Importer(815301076,1909f56bfc062723c751e8b465ee728b)
Start importing Assets/class using Guid(58136ad79cf293f4a9a1dc3d44a2f1f9) Importer(815301076,1909f56bfc062723c751e8b465ee728b)  -> (artifact id: '6cef2997f4f70dd0526e9b0ca132c435') in 0.001429 seconds
Number of updated asset objects reloaded before import = 0
Number of asset objects unloaded after import = 0
========================================================================
Received Import Request.
  Time since last request: 213.063814 seconds.
  path: Assets/VFX/timeline
  artifactKey: Guid(fc10ba9aa5329164983c545bb49fd354) Importer(815301076,1909f56bfc062723c751e8b465ee728b)
Start importing Assets/VFX/timeline using Guid(fc10ba9aa5329164983c545bb49fd354) Importer(815301076,1909f56bfc062723c751e8b465ee728b)  -> (artifact id: 'acb80eac9e9407b96c24bfd6da9649a0') in 0.004831 seconds
Number of updated asset objects reloaded before import = 0
Number of asset objects unloaded after import = 0
========================================================================
Received Import Request.
  Time since last request: 54.617222 seconds.
  path: Assets/VFX/timeline01.playable
  artifactKey: Guid(7ca4ba5adcdc4cc42934a74a12d6b8a5) Importer(815301076,1909f56bfc062723c751e8b465ee728b)
Start importing Assets/VFX/timeline01.playable using Guid(7ca4ba5adcdc4cc42934a74a12d6b8a5) Importer(815301076,1909f56bfc062723c751e8b465ee728b)  -> (artifact id: '9030fededaa821f997bc25ed3195c6e1') in 0.012963 seconds
Number of updated asset objects reloaded before import = 0
Number of asset objects unloaded after import = 1
========================================================================
Received Import Request.
  Time since last request: 62.212179 seconds.
  path: Assets/VFX/素材/翼狐_刺客/贴图/trail_n_001_c.png
  artifactKey: Guid(06925c19ef75f604d9d7081fca9731b9) Importer(815301076,1909f56bfc062723c751e8b465ee728b)
Start importing Assets/VFX/素材/翼狐_刺客/贴图/trail_n_001_c.png using Guid(06925c19ef75f604d9d7081fca9731b9) Importer(815301076,1909f56bfc062723c751e8b465ee728b)  -> (artifact id: 'd2261cb59c8a4d298df9de1b73c549fa') in 0.091274 seconds
Number of updated asset objects reloaded before import = 0
Number of asset objects unloaded after import = 2
========================================================================
Received Import Request.
  Time since last request: 0.000050 seconds.
  path: Assets/VFX/class/texture/MASK/Mask_049_tex.tga
  artifactKey: Guid(699f6680a88c8ab488539d802833358b) Importer(815301076,1909f56bfc062723c751e8b465ee728b)
Start importing Assets/VFX/class/texture/MASK/Mask_049_tex.tga using Guid(699f6680a88c8ab488539d802833358b) Importer(815301076,1909f56bfc062723c751e8b465ee728b)  -> (artifact id: 'a27731429eef47692b2efa1e91682514') in 0.056229 seconds
Number of updated asset objects reloaded before import = 0
Number of asset objects unloaded after import = 2
========================================================================
Received Import Request.
  Time since last request: 3.265932 seconds.
  path: Assets/class/Materials/课程作业/01.mat
  artifactKey: Guid(78de2415cc992e54c822f92f10df7157) Importer(815301076,1909f56bfc062723c751e8b465ee728b)
Start importing Assets/class/Materials/课程作业/01.mat using Guid(78de2415cc992e54c822f92f10df7157) Importer(815301076,1909f56bfc062723c751e8b465ee728b)  -> (artifact id: '0614524125f17d9257006745af81bde0') in 0.028200 seconds
Number of updated asset objects reloaded before import = 0
Number of asset objects unloaded after import = 2
========================================================================
Received Import Request.
  Time since last request: 1.140961 seconds.
  path: Assets/VFX/class/texture/序列图/yanwu.png
  artifactKey: Guid(c1653cb54a52e1d4ca5b45cd3ac7faed) Importer(815301076,1909f56bfc062723c751e8b465ee728b)
Start importing Assets/VFX/class/texture/序列图/yanwu.png using Guid(c1653cb54a52e1d4ca5b45cd3ac7faed) Importer(815301076,1909f56bfc062723c751e8b465ee728b)  -> (artifact id: '7df6f2b8eeb86985df488cb7ef289ab7') in 0.053950 seconds
Number of updated asset objects reloaded before import = 0
Number of asset objects unloaded after import = 2
========================================================================
Received Import Request.
  Time since last request: 158.244813 seconds.
  path: Assets/熊猫超级shaderV2.3
  artifactKey: Guid(c13ca2b919388594a93137e7602c1acf) Importer(815301076,1909f56bfc062723c751e8b465ee728b)
Start importing Assets/熊猫超级shaderV2.3 using Guid(c13ca2b919388594a93137e7602c1acf) Importer(815301076,1909f56bfc062723c751e8b465ee728b)  -> (artifact id: '76e627fb30c764ae10dbcad7160855be') in 0.005476 seconds
Number of updated asset objects reloaded before import = 0
Number of asset objects unloaded after import = 0
========================================================================
Received Import Request.
  Time since last request: 15.546450 seconds.
  path: Assets/熊猫超级shaderV2.3/PandaShaderV2.3
  artifactKey: Guid(196ac60db087cdd4991fb5ec924721b0) Importer(815301076,1909f56bfc062723c751e8b465ee728b)
Start importing Assets/熊猫超级shaderV2.3/PandaShaderV2.3 using Guid(196ac60db087cdd4991fb5ec924721b0) Importer(815301076,1909f56bfc062723c751e8b465ee728b)  -> (artifact id: '581d389488432da7faf55700ca512ff6') in 0.001546 seconds
Number of updated asset objects reloaded before import = 0
Number of asset objects unloaded after import = 0
========================================================================
Received Import Request.
  Time since last request: 135.058924 seconds.
  path: Assets/class/Materials
  artifactKey: Guid(049765fcc7cbb7e4bb20c41cbfc1d143) Importer(815301076,1909f56bfc062723c751e8b465ee728b)
Start importing Assets/class/Materials using Guid(049765fcc7cbb7e4bb20c41cbfc1d143) Importer(815301076,1909f56bfc062723c751e8b465ee728b)  -> (artifact id: '49935838c37f9949a7a1c9c65da6202d') in 0.001499 seconds
Number of updated asset objects reloaded before import = 0
Number of asset objects unloaded after import = 0
========================================================================
Received Import Request.
  Time since last request: 1.523090 seconds.
  path: Assets/class/prefabs
  artifactKey: Guid(62ed047c01b306c4fb358aace66fc112) Importer(815301076,1909f56bfc062723c751e8b465ee728b)
Start importing Assets/class/prefabs using Guid(62ed047c01b306c4fb358aace66fc112) Importer(815301076,1909f56bfc062723c751e8b465ee728b)  -> (artifact id: '2216fe3c865049f759cdb35cba23bb3c') in 0.001465 seconds
Number of updated asset objects reloaded before import = 0
Number of asset objects unloaded after import = 0
========================================================================
Received Import Request.
  Time since last request: 0.988831 seconds.
  path: Assets/class/texture
  artifactKey: Guid(9f1039f3cd7ec264498ff8d9c60c27bc) Importer(815301076,1909f56bfc062723c751e8b465ee728b)
Start importing Assets/class/texture using Guid(9f1039f3cd7ec264498ff8d9c60c27bc) Importer(815301076,1909f56bfc062723c751e8b465ee728b)  -> (artifact id: '44fb3645188f6891d672192a90c9e17e') in 0.001365 seconds
Number of updated asset objects reloaded before import = 0
Number of asset objects unloaded after import = 0
========================================================================
Received Import Request.
  Time since last request: 204.911612 seconds.
  path: Assets/VFX/船新版本
  artifactKey: Guid(07d40b923b2a50448864b952b8f1c85e) Importer(815301076,1909f56bfc062723c751e8b465ee728b)
Start importing Assets/VFX/船新版本 using Guid(07d40b923b2a50448864b952b8f1c85e) Importer(815301076,1909f56bfc062723c751e8b465ee728b)  -> (artifact id: '6b2a609f523a9908bd48e6d92134e57a') in 0.013073 seconds
Number of updated asset objects reloaded before import = 0
Number of asset objects unloaded after import = 0
========================================================================
Received Import Request.
  Time since last request: 14.114305 seconds.
  path: Assets/scripts
  artifactKey: Guid(7dc8f7811dde6754c9c865e0f45b5e23) Importer(815301076,1909f56bfc062723c751e8b465ee728b)
Start importing Assets/scripts using Guid(7dc8f7811dde6754c9c865e0f45b5e23) Importer(815301076,1909f56bfc062723c751e8b465ee728b)  -> (artifact id: 'cf19be6712ac60103d74e746367da3bb') in 0.001680 seconds
Number of updated asset objects reloaded before import = 0
Number of asset objects unloaded after import = 0
========================================================================
Received Import Request.
  Time since last request: 119.340454 seconds.
  path: Assets/VFX/class/Materials/翼狐_刺客/01.mat
  artifactKey: Guid(78de2415cc992e54c822f92f10df7157) Importer(815301076,1909f56bfc062723c751e8b465ee728b)
Start importing Assets/VFX/class/Materials/翼狐_刺客/01.mat using Guid(78de2415cc992e54c822f92f10df7157) Importer(815301076,1909f56bfc062723c751e8b465ee728b)  -> (artifact id: 'd46ec93e65300cf4876032d3809526c3') in 5.263101 seconds
Number of updated asset objects reloaded before import = 1
Number of asset objects unloaded after import = 2
========================================================================
Received Import Request.
  Time since last request: 173.983425 seconds.
  path: Assets/material
  artifactKey: Guid(022bb746941d1d748a5cc471699febd7) Importer(815301076,1909f56bfc062723c751e8b465ee728b)
Start importing Assets/material using Guid(022bb746941d1d748a5cc471699febd7) Importer(815301076,1909f56bfc062723c751e8b465ee728b)  -> (artifact id: 'dd3667260a7f5dea9ee610d03a443a94') in 0.013069 seconds
Number of updated asset objects reloaded before import = 0
Number of asset objects unloaded after import = 0
========================================================================
Received Import Request.
  Time since last request: 1.648476 seconds.
  path: Assets/VFX/NatureManufacture Assets
  artifactKey: Guid(ad52f837a5fc3d94ab15f9464f1f5149) Importer(815301076,1909f56bfc062723c751e8b465ee728b)
Start importing Assets/VFX/NatureManufacture Assets using Guid(ad52f837a5fc3d94ab15f9464f1f5149) Importer(815301076,1909f56bfc062723c751e8b465ee728b)  -> (artifact id: 'f816fc07d70712974cd0521d86716b09') in 0.001898 seconds
Number of updated asset objects reloaded before import = 0
Number of asset objects unloaded after import = 0
========================================================================
Received Import Request.
  Time since last request: 4.090874 seconds.
  path: Assets/VFX/QFramework
  artifactKey: Guid(6e58f95e6758e70408c9257a02f31ff4) Importer(815301076,1909f56bfc062723c751e8b465ee728b)
Start importing Assets/VFX/QFramework using Guid(6e58f95e6758e70408c9257a02f31ff4) Importer(815301076,1909f56bfc062723c751e8b465ee728b)  -> (artifact id: 'e85e69998eae094355854ed60365eda5') in 0.001542 seconds
Number of updated asset objects reloaded before import = 0
Number of asset objects unloaded after import = 0
========================================================================
Received Import Request.
  Time since last request: 2.760382 seconds.
  path: Assets/VFX/QFramework-master
  artifactKey: Guid(d65674922e8b9e74299c5c63b35b701a) Importer(815301076,1909f56bfc062723c751e8b465ee728b)
Start importing Assets/VFX/QFramework-master using Guid(d65674922e8b9e74299c5c63b35b701a) Importer(815301076,1909f56bfc062723c751e8b465ee728b)  -> (artifact id: '6cc837f88c6846baa638013d64f1b0f7') in 0.001499 seconds
Number of updated asset objects reloaded before import = 0
Number of asset objects unloaded after import = 0
========================================================================
Received Import Request.
  Time since last request: 3.015566 seconds.
  path: Assets/VFX/QFramework-master/Framework
  artifactKey: Guid(2a655c001e010f8468d18cdd988e058a) Importer(815301076,1909f56bfc062723c751e8b465ee728b)
Start importing Assets/VFX/QFramework-master/Framework using Guid(2a655c001e010f8468d18cdd988e058a) Importer(815301076,1909f56bfc062723c751e8b465ee728b)  -> (artifact id: '453727870bb6a8b08d34b83d5e4f27bd') in 0.001554 seconds
Number of updated asset objects reloaded before import = 0
Number of asset objects unloaded after import = 0
========================================================================
Received Import Request.
  Time since last request: 13.181231 seconds.
  path: Assets/VFX/素材
  artifactKey: Guid(ae03f3c4a279743418d1984f00fc80f0) Importer(815301076,1909f56bfc062723c751e8b465ee728b)
Start importing Assets/VFX/素材 using Guid(ae03f3c4a279743418d1984f00fc80f0) Importer(815301076,1909f56bfc062723c751e8b465ee728b)  -> (artifact id: 'cbafb47157a38a9f36708ee4e8745a4d') in 0.001494 seconds
Number of updated asset objects reloaded before import = 0
Number of asset objects unloaded after import = 0
========================================================================
Received Import Request.
  Time since last request: 3.175190 seconds.
  path: Assets/VFX/素材/ThirdPartys
  artifactKey: Guid(c7d30f9246b9a374fae79e4a4d716e12) Importer(815301076,1909f56bfc062723c751e8b465ee728b)
Start importing Assets/VFX/素材/ThirdPartys using Guid(c7d30f9246b9a374fae79e4a4d716e12) Importer(815301076,1909f56bfc062723c751e8b465ee728b)  -> (artifact id: 'ae942c7f220ce51a14f5d246c3e7fab5') in 0.001553 seconds
Number of updated asset objects reloaded before import = 0
Number of asset objects unloaded after import = 0
========================================================================
Received Import Request.
  Time since last request: 20.243653 seconds.
  path: Assets/VFX/class/prefabs/冲刺.prefab
  artifactKey: Guid(b5a2d67b111cc9249bc64ac048e26c05) Importer(815301076,1909f56bfc062723c751e8b465ee728b)
Start importing Assets/VFX/class/prefabs/冲刺.prefab using Guid(b5a2d67b111cc9249bc64ac048e26c05) Importer(815301076,1909f56bfc062723c751e8b465ee728b)  -> (artifact id: '7b9daca5be457b916674198d8a3d2c7f') in 0.120608 seconds
Number of updated asset objects reloaded before import = 0
Number of asset objects unloaded after import = 38
========================================================================
Received Import Request.
  Time since last request: 3.729072 seconds.
  path: Assets/VFX/prefabs/跳跃.prefab
  artifactKey: Guid(f6285aa70836f384d8437d4430b72895) Importer(815301076,1909f56bfc062723c751e8b465ee728b)
Start importing Assets/VFX/prefabs/跳跃.prefab using Guid(f6285aa70836f384d8437d4430b72895) Importer(815301076,1909f56bfc062723c751e8b465ee728b)  -> (artifact id: 'dad9efaa8416abc4d3d813c358de42ed') in 0.031971 seconds
Number of updated asset objects reloaded before import = 0
Number of asset objects unloaded after import = 12
========================================================================
Received Import Request.
  Time since last request: 603.816542 seconds.
  path: Assets/Fajrul FN
  artifactKey: Guid(eea6f585000c34f0e98e2b935cb79f65) Importer(815301076,1909f56bfc062723c751e8b465ee728b)
Start importing Assets/Fajrul FN using Guid(eea6f585000c34f0e98e2b935cb79f65) Importer(815301076,1909f56bfc062723c751e8b465ee728b)  -> (artifact id: '9ed5b14f026bc02120203d031208f7a1') in 0.016273 seconds
Number of updated asset objects reloaded before import = 0
Number of asset objects unloaded after import = 0
========================================================================
Received Import Request.
  Time since last request: 2.305004 seconds.
  path: Assets/material/Blue.mat
  artifactKey: Guid(54cdb05c3e2b65144bf34ce1840b0474) Importer(815301076,1909f56bfc062723c751e8b465ee728b)
Start importing Assets/material/Blue.mat using Guid(54cdb05c3e2b65144bf34ce1840b0474) Importer(815301076,1909f56bfc062723c751e8b465ee728b)  -> (artifact id: '9599f6f04a1fb69666e7d1d3cc12376a') in 0.097120 seconds
Number of updated asset objects reloaded before import = 0
Number of asset objects unloaded after import = 1
========================================================================
Received Import Request.
  Time since last request: 1.672340 seconds.
  path: Assets/Scenes
  artifactKey: Guid(56865336f070c7e4eadbb961b3ac57b9) Importer(815301076,1909f56bfc062723c751e8b465ee728b)
Start importing Assets/Scenes using Guid(56865336f070c7e4eadbb961b3ac57b9) Importer(815301076,1909f56bfc062723c751e8b465ee728b)  -> (artifact id: '6b3326ba185285211db63a59968f15a4') in 0.001678 seconds
Number of updated asset objects reloaded before import = 0
Number of asset objects unloaded after import = 0
========================================================================
Received Import Request.
  Time since last request: 3.947637 seconds.
  path: Assets/t
  artifactKey: Guid(c239d1895bd3d9d44964056afa08c918) Importer(815301076,1909f56bfc062723c751e8b465ee728b)
Start importing Assets/t using Guid(c239d1895bd3d9d44964056afa08c918) Importer(815301076,1909f56bfc062723c751e8b465ee728b)  -> (artifact id: '816008aca2426437dfcb4cf87593b7c9') in 0.001414 seconds
Number of updated asset objects reloaded before import = 0
Number of asset objects unloaded after import = 0
========================================================================
Received Import Request.
  Time since last request: 0.067154 seconds.
  path: Assets/t/Ch24_1001_Diffuse.png
  artifactKey: Guid(69d6d656e60b9ed47bb694053f0c8323) Importer(815301076,1909f56bfc062723c751e8b465ee728b)
Start importing Assets/t/Ch24_1001_Diffuse.png using Guid(69d6d656e60b9ed47bb694053f0c8323) Importer(815301076,1909f56bfc062723c751e8b465ee728b)  -> (artifact id: '9e7073c00981457b5256b1adbdf0db9e') in 0.091941 seconds
Number of updated asset objects reloaded before import = 0
Number of asset objects unloaded after import = 2
========================================================================
Received Import Request.
  Time since last request: 0.000033 seconds.
  path: Assets/t/Ch24_1001_Specular.png
  artifactKey: Guid(2ddeb3c71c71adb45b8688ec22d0925c) Importer(815301076,1909f56bfc062723c751e8b465ee728b)
Start importing Assets/t/Ch24_1001_Specular.png using Guid(2ddeb3c71c71adb45b8688ec22d0925c) Importer(815301076,1909f56bfc062723c751e8b465ee728b)  -> (artifact id: 'a6a9159771acafd7a59e7b7743c9490d') in 0.060806 seconds
Number of updated asset objects reloaded before import = 0
Number of asset objects unloaded after import = 2
========================================================================
Received Import Request.
  Time since last request: 2.052991 seconds.
  path: Assets/TutorialInfo
  artifactKey: Guid(66ee2be897f92d24c8388689a1330baf) Importer(815301076,1909f56bfc062723c751e8b465ee728b)
Start importing Assets/TutorialInfo using Guid(66ee2be897f92d24c8388689a1330baf) Importer(815301076,1909f56bfc062723c751e8b465ee728b)  -> (artifact id: '81eaa83832664d6a01b498cb5654f674') in 0.001644 seconds
Number of updated asset objects reloaded before import = 0
Number of asset objects unloaded after import = 0
========================================================================
Received Import Request.
  Time since last request: 74.944836 seconds.
  path: Assets/VFX/New Scene.unity
  artifactKey: Guid(0b2082c152e5a6043b3ec74591590129) Importer(815301076,1909f56bfc062723c751e8b465ee728b)
Start importing Assets/VFX/New Scene.unity using Guid(0b2082c152e5a6043b3ec74591590129) Importer(815301076,1909f56bfc062723c751e8b465ee728b)  -> (artifact id: 'c75690de539a0379393c0286f0de6926') in 0.005640 seconds
Number of updated asset objects reloaded before import = 0
Number of asset objects unloaded after import = 0
========================================================================
Received Import Request.
  Time since last request: 10.468818 seconds.
  path: Assets/VFX/prefabs/跳跃.prefab
  artifactKey: Guid(f6285aa70836f384d8437d4430b72895) Importer(815301076,1909f56bfc062723c751e8b465ee728b)
Start importing Assets/VFX/prefabs/跳跃.prefab using Guid(f6285aa70836f384d8437d4430b72895) Importer(815301076,1909f56bfc062723c751e8b465ee728b)  -> (artifact id: '17b5cde43fc4199f6884abadc236c94f') in 0.082055 seconds
Number of updated asset objects reloaded before import = 0
Number of asset objects unloaded after import = 12
========================================================================
Received Import Request.
  Time since last request: 10.039390 seconds.
  path: Assets/VFX/class/Materials/翼狐_刺客/01.mat
  artifactKey: Guid(78de2415cc992e54c822f92f10df7157) Importer(815301076,1909f56bfc062723c751e8b465ee728b)
Start importing Assets/VFX/class/Materials/翼狐_刺客/01.mat using Guid(78de2415cc992e54c822f92f10df7157) Importer(815301076,1909f56bfc062723c751e8b465ee728b)  -> (artifact id: 'af4dad16ef4da6e210dd654c81d3c85d') in 0.031546 seconds
Number of updated asset objects reloaded before import = 0
Number of asset objects unloaded after import = 2
========================================================================
Received Import Request.
  Time since last request: 31.669275 seconds.
  path: Assets/Scenes/SampleScene.unity
  artifactKey: Guid(9fc0d4010bbf28b4594072e72b8655ab) Importer(815301076,1909f56bfc062723c751e8b465ee728b)
Start importing Assets/Scenes/SampleScene.unity using Guid(9fc0d4010bbf28b4594072e72b8655ab) Importer(815301076,1909f56bfc062723c751e8b465ee728b)  -> (artifact id: 'b524fe75e408392486e8fc73c6cb5903') in 0.002338 seconds
Number of updated asset objects reloaded before import = 0
Number of asset objects unloaded after import = 0
========================================================================
Received Import Request.
  Time since last request: 91.631717 seconds.
  path: Assets/熊猫超级shaderV2.3/PandaShaderV2.3/VFX_Pandavfx_v2.3.mat
  artifactKey: Guid(c66903362b5c6c44b81d789eb177ad6c) Importer(815301076,1909f56bfc062723c751e8b465ee728b)
Start importing Assets/熊猫超级shaderV2.3/PandaShaderV2.3/VFX_Pandavfx_v2.3.mat using Guid(c66903362b5c6c44b81d789eb177ad6c) Importer(815301076,1909f56bfc062723c751e8b465ee728b)  -> (artifact id: '5c10c4fce2002bc14cca9852364119b9') in 0.081540 seconds
Number of updated asset objects reloaded before import = 0
Number of asset objects unloaded after import = 1
========================================================================
Received Import Request.
  Time since last request: 1.696044 seconds.
  path: Assets/熊猫超级shaderV2.3/PandaShaderV2.3/Assert
  artifactKey: Guid(054af864c1f05ab47b16819ffeb79052) Importer(815301076,1909f56bfc062723c751e8b465ee728b)
Start importing Assets/熊猫超级shaderV2.3/PandaShaderV2.3/Assert using Guid(054af864c1f05ab47b16819ffeb79052) Importer(815301076,1909f56bfc062723c751e8b465ee728b)  -> (artifact id: 'a4e379b3d6393922bf559dce29aecdf3') in 0.001572 seconds
Number of updated asset objects reloaded before import = 0
Number of asset objects unloaded after import = 0
========================================================================
Received Import Request.
  Time since last request: 1.498395 seconds.
  path: Assets/熊猫超级shaderV2.3/PandaShaderV2.3/Assert/Function
  artifactKey: Guid(952a4081b1ed88d45937d067a8e00c9a) Importer(815301076,1909f56bfc062723c751e8b465ee728b)
Start importing Assets/熊猫超级shaderV2.3/PandaShaderV2.3/Assert/Function using Guid(952a4081b1ed88d45937d067a8e00c9a) Importer(815301076,1909f56bfc062723c751e8b465ee728b)  -> (artifact id: '749efe0a5b80b44a5ed2ce39cdcf6a65') in 0.001460 seconds
Number of updated asset objects reloaded before import = 0
Number of asset objects unloaded after import = 0
========================================================================
Received Import Request.
  Time since last request: 0.072364 seconds.
  path: Assets/熊猫超级shaderV2.3/PandaShaderV2.3/Assert/Function/CustomSwitch2.asset
  artifactKey: Guid(b07fd8766bfae0940a797ebfc2ed9309) Importer(815301076,1909f56bfc062723c751e8b465ee728b)
Start importing Assets/熊猫超级shaderV2.3/PandaShaderV2.3/Assert/Function/CustomSwitch2.asset using Guid(b07fd8766bfae0940a797ebfc2ed9309) Importer(815301076,1909f56bfc062723c751e8b465ee728b)  -> (artifact id: 'a7586a48e8b5c3101587c17517db1513') in 0.006053 seconds
Number of updated asset objects reloaded before import = 0
Number of asset objects unloaded after import = 1
========================================================================
Received Import Request.
  Time since last request: 0.001670 seconds.
  path: Assets/熊猫超级shaderV2.3/PandaShaderV2.3/Assert/Function/PandaNormalTex2.asset
  artifactKey: Guid(2dd4095dbdb427f48bbdb0ff00eed726) Importer(815301076,1909f56bfc062723c751e8b465ee728b)
Start importing Assets/熊猫超级shaderV2.3/PandaShaderV2.3/Assert/Function/PandaNormalTex2.asset using Guid(2dd4095dbdb427f48bbdb0ff00eed726) Importer(815301076,1909f56bfc062723c751e8b465ee728b)  -> (artifact id: 'a833ebdb82cd097663dbae72e173f6fe') in 0.004994 seconds
Number of updated asset objects reloaded before import = 0
Number of asset objects unloaded after import = 1
========================================================================
Received Import Request.
  Time since last request: 0.000022 seconds.
  path: Assets/熊猫超级shaderV2.3/PandaShaderV2.3/Assert/Function/PandaParallax2.asset
  artifactKey: Guid(464bab118ae5fd8409031d087d8b0935) Importer(815301076,1909f56bfc062723c751e8b465ee728b)
Start importing Assets/熊猫超级shaderV2.3/PandaShaderV2.3/Assert/Function/PandaParallax2.asset using Guid(464bab118ae5fd8409031d087d8b0935) Importer(815301076,1909f56bfc062723c751e8b465ee728b)  -> (artifact id: '3ef4a2997d00809f18c02bf5095be1b6') in 0.006045 seconds
Number of updated asset objects reloaded before import = 0
Number of asset objects unloaded after import = 1
========================================================================
Received Import Request.
  Time since last request: 0.000022 seconds.
  path: Assets/熊猫超级shaderV2.3/PandaShaderV2.3/Assert/Function/PandaRefine2.asset
  artifactKey: Guid(de950ebac85405948aaba90935ff359f) Importer(815301076,1909f56bfc062723c751e8b465ee728b)
Start importing Assets/熊猫超级shaderV2.3/PandaShaderV2.3/Assert/Function/PandaRefine2.asset using Guid(de950ebac85405948aaba90935ff359f) Importer(815301076,1909f56bfc062723c751e8b465ee728b)  -> (artifact id: '14324f0698a541a7f05a51859090d0bb') in 0.005225 seconds
Number of updated asset objects reloaded before import = 0
Number of asset objects unloaded after import = 1
========================================================================
Received Import Request.
  Time since last request: 0.057824 seconds.
  path: Assets/熊猫超级shaderV2.3/PandaShaderV2.3/Assert/Function/PandaTex2.asset
  artifactKey: Guid(0608b7ab181f5b8408213912f15b169b) Importer(815301076,1909f56bfc062723c751e8b465ee728b)
Start importing Assets/熊猫超级shaderV2.3/PandaShaderV2.3/Assert/Function/PandaTex2.asset using Guid(0608b7ab181f5b8408213912f15b169b) Importer(815301076,1909f56bfc062723c751e8b465ee728b)  -> (artifact id: '4ef0f83f637194b5a178e6ea0e19ce32') in 0.007461 seconds
Number of updated asset objects reloaded before import = 0
Number of asset objects unloaded after import = 1
========================================================================
Received Import Request.
  Time since last request: 0.000073 seconds.
  path: Assets/熊猫超级shaderV2.3/PandaShaderV2.3/Assert/Function/PandaTexUVOffset2.asset
  artifactKey: Guid(678d5c0f59534db4382afcd329adb3f0) Importer(815301076,1909f56bfc062723c751e8b465ee728b)
Start importing Assets/熊猫超级shaderV2.3/PandaShaderV2.3/Assert/Function/PandaTexUVOffset2.asset using Guid(678d5c0f59534db4382afcd329adb3f0) Importer(815301076,1909f56bfc062723c751e8b465ee728b)  -> (artifact id: '4bdb146fbb2166cac4d66e3bec3d8d9e') in 0.006588 seconds
Number of updated asset objects reloaded before import = 0
Number of asset objects unloaded after import = 1
========================================================================
Received Import Request.
  Time since last request: 0.000054 seconds.
  path: Assets/熊猫超级shaderV2.3/PandaShaderV2.3/Assert/Function/PandaUVSwitch2.asset
  artifactKey: Guid(6911afe0fd32ecb4b94c113ee4f145b9) Importer(815301076,1909f56bfc062723c751e8b465ee728b)
Start importing Assets/熊猫超级shaderV2.3/PandaShaderV2.3/Assert/Function/PandaUVSwitch2.asset using Guid(6911afe0fd32ecb4b94c113ee4f145b9) Importer(815301076,1909f56bfc062723c751e8b465ee728b)  -> (artifact id: '34dc93012ec6b1841fb95a7cbe75c535') in 0.005483 seconds
Number of updated asset objects reloaded before import = 0
Number of asset objects unloaded after import = 1
========================================================================
Received Import Request.
  Time since last request: 3.515236 seconds.
  path: Assets/熊猫超级shaderV2.3/PandaShaderV2.3/Assert/Script
  artifactKey: Guid(f91e954b20c74034ca1689b27008f1ad) Importer(815301076,1909f56bfc062723c751e8b465ee728b)
Start importing Assets/熊猫超级shaderV2.3/PandaShaderV2.3/Assert/Script using Guid(f91e954b20c74034ca1689b27008f1ad) Importer(815301076,1909f56bfc062723c751e8b465ee728b)  -> (artifact id: '1bffcdd73947b9b37c5f9b928b9a95e0') in 0.001427 seconds
Number of updated asset objects reloaded before import = 0
Number of asset objects unloaded after import = 0
========================================================================
Received Import Request.
  Time since last request: 14.270742 seconds.
  path: Assets/VFX/船新版本/LWGUI-1.20.2
  artifactKey: Guid(f609dbd4057518945b9420dcd69af78c) Importer(815301076,1909f56bfc062723c751e8b465ee728b)
Start importing Assets/VFX/船新版本/LWGUI-1.20.2 using Guid(f609dbd4057518945b9420dcd69af78c) Importer(815301076,1909f56bfc062723c751e8b465ee728b)  -> (artifact id: '232ff4a303f6068d8e0aa9d90b68f8b3') in 0.001564 seconds
Number of updated asset objects reloaded before import = 0
Number of asset objects unloaded after import = 0
